version https://git-lfs.github.com/spec/v1
oid sha256:7448d3d1248c028aba632719120d4912e1a5d0f4276d55efa4bfa5191a0c398d
size 4026
