version https://git-lfs.github.com/spec/v1
oid sha256:80fe96ebf1e00faa110b27c9b8f21413654d404424e54f584fc12cda2971f318
size 4010
